05:04:21 [94mINFO [0m downtime [94mdaemon.go:145 [0mdaemon restarted, no downtime
05:08:20 [94mINFO [0m downtime [94mdaemon.go:145 [0mdaemon restarted, no downtime
